Copyright 1986-2022 Xilinx, Inc. All Rights Reserved. Copyright 2022-2026 Advanced Micro Devices, Inc. All Rights Reserved.
--------------------------------------------------------------------------------------------------------------------------------------------------
| Tool Version      : Vivado v.2026.1 (win64) Build 6511674 Tue Jun 16 11:02:23 MDT 2026
| Date              : Mon Sep  7 22:28:32 2026
| Host              : DESKTOP-LDKS4K4 running 64-bit major release  (build 9200)
| Command           : report_timing_summary -delay_type max -file timing.rpt
| Design            : ddc_channel
| Device            : xck26-sfvc784
| Speed File        : -2LV  PRODUCTION 1.31 12-08-2025
| Design State      : Synthesized
| Temperature Grade : C
--------------------------------------------------------------------------------------------------------------------------------------------------

Timing Summary Report

------------------------------------------------------------------------------------------------
| Timer Settings
| --------------
------------------------------------------------------------------------------------------------

  Enable Multi Corner Analysis               :  Yes
  Enable Pessimism Removal                   :  Yes
  Pessimism Removal Resolution               :  Nearest Common Node
  Enable Input Delay Default Clock           :  No
  Enable Preset / Clear Arcs                 :  No
  Disable Flight Delays                      :  No
  Ignore I/O Paths                           :  No
  Timing Early Launch at Borrowing Latches   :  No
  Borrow Time for Max Delay Exceptions       :  Yes
  Merge Timing Exceptions                    :  Yes
  Inter-SLR Compensation                     :  Conservative

  Corner  Analyze    Analyze    
  Name    Max Paths  Min Paths  
  ------  ---------  ---------  
  Slow    Yes        Yes        
  Fast    Yes        Yes        


------------------------------------------------------------------------------------------------
| Report Methodology
| ------------------
------------------------------------------------------------------------------------------------

No report available as report_methodology has not been run prior. Run report_methodology on the current design for the summary of methodology violations.



check_timing report

Table of Contents
-----------------
1. checking no_clock (0)
2. checking constant_clock (0)
3. checking pulse_width_clock (0)
4. checking unconstrained_internal_endpoints (0)
5. checking no_input_delay (50)
6. checking no_output_delay (37)
7. checking multiple_clock (0)
8. checking generated_clocks (0)
9. checking loops (0)
10. checking partial_input_delay (0)
11. checking partial_output_delay (0)
12. checking latch_loops (0)

1. checking no_clock (0)
------------------------
 There are 0 register/latch pins with no clock.


2. checking constant_clock (0)
------------------------------
 There are 0 register/latch pins with constant_clock.


3. checking pulse_width_clock (0)
---------------------------------
 There are 0 register/latch pins which need pulse_width check


4. checking unconstrained_internal_endpoints (0)
------------------------------------------------
 There are 0 pins that are not constrained for maximum delay.

 There are 0 pins that are not constrained for maximum delay due to constant clock.


5. checking no_input_delay (50)
-------------------------------
 There are 50 input ports with no input delay specified. (HIGH)

 There are 0 input ports with no input delay but user has a false path constraint.


6. checking no_output_delay (37)
--------------------------------
 There are 37 ports with no output delay specified. (HIGH)

 There are 0 ports with no output delay but user has a false path constraint

 There are 0 ports with no output delay but with a timing clock defined on it or propagating through it


7. checking multiple_clock (0)
------------------------------
 There are 0 register/latch pins with multiple clocks.


8. checking generated_clocks (0)
--------------------------------
 There are 0 generated clocks that are not connected to a clock source.


9. checking loops (0)
---------------------
 There are 0 combinational loops in the design.


10. checking partial_input_delay (0)
------------------------------------
 There are 0 input ports with partial input delay specified.


11. checking partial_output_delay (0)
-------------------------------------
 There are 0 ports with partial output delay specified.


12. checking latch_loops (0)
----------------------------
 There are 0 combinational latch loops in the design through latch input



------------------------------------------------------------------------------------------------
| Design Timing Summary
| ---------------------
------------------------------------------------------------------------------------------------

    WNS(ns)      TNS(ns)  TNS Failing Endpoints  TNS Total Endpoints     WPWS(ns)     TPWS(ns)  TPWS Failing Endpoints  TPWS Total Endpoints  
    -------      -------  ---------------------  -------------------     --------     --------  ----------------------  --------------------  
      5.467        0.000                      0                 1430        4.423        0.000                       0                   681  


All user specified timing constraints are met.


------------------------------------------------------------------------------------------------
| Clock Summary
| -------------
------------------------------------------------------------------------------------------------

Clock  Waveform(ns)       Period(ns)      Frequency(MHz)
-----  ------------       ----------      --------------
clk    {0.000 5.000}      10.000          100.000         


------------------------------------------------------------------------------------------------
| Intra Clock Table
| -----------------
------------------------------------------------------------------------------------------------

Clock             WNS(ns)      TNS(ns)  TNS Failing Endpoints  TNS Total Endpoints     WPWS(ns)     TPWS(ns)  TPWS Failing Endpoints  TPWS Total Endpoints  
-----             -------      -------  ---------------------  -------------------     --------     --------  ----------------------  --------------------  
clk                 5.467        0.000                      0                 1430        4.423        0.000                       0                   681  


------------------------------------------------------------------------------------------------
| Inter Clock Table
| -----------------
------------------------------------------------------------------------------------------------

From Clock    To Clock          WNS(ns)      TNS(ns)  TNS Failing Endpoints  TNS Total Endpoints  
----------    --------          -------      -------  ---------------------  -------------------  


------------------------------------------------------------------------------------------------
| Other Path Groups Table
| -----------------------
------------------------------------------------------------------------------------------------

Path Group    From Clock    To Clock          WNS(ns)      TNS(ns)  TNS Failing Endpoints  TNS Total Endpoints  
----------    ----------    --------          -------      -------  ---------------------  -------------------  


------------------------------------------------------------------------------------------------
| Timing Details
| --------------
------------------------------------------------------------------------------------------------


---------------------------------------------------------------------------------------------------
From Clock:  clk
  To Clock:  clk

Setup :            0  Failing Endpoints,  Worst Slack        5.467ns,  Total Violation        0.000ns
Hold  :           NA  Failing Endpoints,  Worst Slack           NA  ,  Total Violation           NA
PW    :            0  Failing Endpoints,  Worst Slack        4.423ns,  Total Violation        0.000ns
---------------------------------------------------------------------------------------------------


Max Delay Paths
--------------------------------------------------------------------------------------
Slack (MET) :             5.467ns  (required time - arrival time)
  Source:                 u_nco/sin_o_reg/CLKARDCLK
                            (rising edge-triggered cell RAMB18E2 clocked by clk  {rise@0.000ns fall@5.000ns period=10.000ns})
  Destination:            prod_q__0/DSP_OUTPUT_INST/ALU_OUT[0]
                            (rising edge-triggered cell DSP_OUTPUT clocked by clk  {rise@0.000ns fall@5.000ns period=10.000ns})
  Path Group:             clk
  Path Type:              Setup (Max at Slow Process Corner)
  Requirement:            10.000ns  (clk rise@10.000ns - clk rise@0.000ns)
  Data Path Delay:        4.460ns  (logic 4.083ns (91.547%)  route 0.377ns (8.453%))
  Logic Levels:           7  (DSP_A_B_DATA=1 DSP_ALU=2 DSP_M_DATA=1 DSP_MULTIPLIER=1 DSP_OUTPUT=1 DSP_PREADD_DATA=1)
  Clock Path Skew:        -0.052ns (DCD - SCD + CPR)
    Destination Clock Delay (DCD):    0.055ns = ( 10.055 - 10.000 ) 
    Source Clock Delay      (SCD):    0.107ns
    Clock Pessimism Removal (CPR):    0.000ns
  Clock Uncertainty:      0.035ns  ((TSJ^2 + TIJ^2)^1/2 + DJ) / 2 + PE
    Total System Jitter     (TSJ):    0.071ns
    Total Input Jitter      (TIJ):    0.000ns
    Discrete Jitter          (DJ):    0.000ns
    Phase Error              (PE):    0.000ns

    Location             Delay type                Incr(ns)  Path(ns)    Netlist Resource(s)
  -------------------------------------------------------------------    -------------------
                         (clock clk rise edge)        0.000     0.000 r  <hidden>
                                                      0.000     0.000 r  clk
                         net (fo=690, unset)          0.107     0.107    u_nco/clk
                         RAMB18E2                                     r  u_nco/sin_o_reg/CLKARDCLK
  -------------------------------------------------------------------    -------------------
                         RAMB18E2 (Prop_RAMB18E2_CLKARDCLK_DOUTADOUT[5])
                                                      1.297     1.404 f  u_nco/sin_o_reg/DOUTADOUT[5]
                         net (fo=2, unplaced)         0.363     1.767    prod_q/B[5]
                         DSP_A_B_DATA (Prop_DSP_A_B_DATA_B[5]_B2_DATA[5])
                                                      0.216     1.983 r  prod_q/DSP_A_B_DATA_INST/B2_DATA[5]
                         net (fo=1, unplaced)         0.000     1.983    prod_q/DSP_A_B_DATA.B2_DATA<5>
                         DSP_PREADD_DATA (Prop_DSP_PREADD_DATA_B2_DATA[5]_B2B1[5])
                                                      0.097     2.080 r  prod_q/DSP_PREADD_DATA_INST/B2B1[5]
                         net (fo=1, unplaced)         0.000     2.080    prod_q/DSP_PREADD_DATA.B2B1<5>
                         DSP_MULTIPLIER (Prop_DSP_MULTIPLIER_B2B1[5]_U[36])
                                                      0.773     2.853 f  prod_q/DSP_MULTIPLIER_INST/U[36]
                         net (fo=1, unplaced)         0.000     2.853    prod_q/DSP_MULTIPLIER.U<36>
                         DSP_M_DATA (Prop_DSP_M_DATA_U[36]_U_DATA[36])
                                                      0.067     2.920 r  prod_q/DSP_M_DATA_INST/U_DATA[36]
                         net (fo=1, unplaced)         0.000     2.920    prod_q/DSP_M_DATA.U_DATA<36>
                         DSP_ALU (Prop_DSP_ALU_U_DATA[36]_ALU_OUT[47])
                                                      0.727     3.647 f  prod_q/DSP_ALU_INST/ALU_OUT[47]
                         net (fo=1, unplaced)         0.000     3.647    prod_q/DSP_ALU.ALU_OUT<47>
                         DSP_OUTPUT (Prop_DSP_OUTPUT_ALU_OUT[47]_PCOUT[47])
                                                      0.167     3.814 r  prod_q/DSP_OUTPUT_INST/PCOUT[47]
                         net (fo=1, unplaced)         0.014     3.828    prod_q__0/PCIN[47]
                         DSP_ALU (Prop_DSP_ALU_PCIN[47]_ALU_OUT[0])
                                                      0.739     4.567 r  prod_q__0/DSP_ALU_INST/ALU_OUT[0]
                         net (fo=1, unplaced)         0.000     4.567    prod_q__0/DSP_ALU.ALU_OUT<0>
                         DSP_OUTPUT                                   r  prod_q__0/DSP_OUTPUT_INST/ALU_OUT[0]
  -------------------------------------------------------------------    -------------------

                         (clock clk rise edge)       10.000    10.000 r  <hidden>
                                                      0.000    10.000 r  clk
                         net (fo=690, unset)          0.055    10.055    prod_q__0/CLK
                         DSP_OUTPUT                                   r  prod_q__0/DSP_OUTPUT_INST/CLK
                         clock pessimism              0.000    10.055    <hidden>
                         clock uncertainty           -0.035    10.020    <hidden>
                         DSP_OUTPUT (Setup_DSP_OUTPUT_CLK_ALU_OUT[0])
                                                      0.014    10.034    prod_q__0/DSP_OUTPUT_INST
  -------------------------------------------------------------------
                         required time                         10.034    <hidden>
                         arrival time                          -4.567    <hidden>
  -------------------------------------------------------------------
                         slack                                  5.467    <hidden>





Pulse Width Checks
--------------------------------------------------------------------------------------
Clock Name:         clk
Waveform(ns):       { 0.000 5.000 }
Period(ns):         10.000
Sources:            { clk }

Check Type        Corner  Lib Pin             Reference Pin  Required(ns)  Actual(ns)  Slack(ns)  Location  Pin
Min Period        n/a     RAMB18E2/CLKARDCLK  n/a            1.709         10.000      8.291                prod_i_i_1/CLKARDCLK
Low Pulse Width   Slow    RAMB18E2/CLKARDCLK  n/a            0.577         5.000       4.423                prod_i_i_1/CLKARDCLK
High Pulse Width  Slow    RAMB18E2/CLKARDCLK  n/a            0.577         5.000       4.423                prod_i_i_1/CLKARDCLK



