Copyright 1986-2022 Xilinx, Inc. All Rights Reserved. Copyright 2022-2026 Advanced Micro Devices, Inc. All Rights Reserved.
--------------------------------------------------------------------------------------------------------------------------------------------------
| Tool Version      : Vivado v.2026.1 (win64) Build 6511674 Tue Jun 16 11:02:23 MDT 2026
| Date              : Wed Sep  9 22:47:51 2026
| Host              : DESKTOP-LDKS4K4 running 64-bit major release  (build 9200)
| Command           : report_timing_summary -file timing_impl_n16.rpt
| Design            : scanner_top
| Device            : xck26-sfvc784
| Speed File        : -2LV  PRODUCTION 1.31 12-08-2025
| Design State      : Routed
| Temperature Grade : C
--------------------------------------------------------------------------------------------------------------------------------------------------

Timing Summary Report

------------------------------------------------------------------------------------------------
| Timer Settings
| --------------
------------------------------------------------------------------------------------------------

  Enable Multi Corner Analysis               :  Yes
  Enable Pessimism Removal                   :  Yes
  Pessimism Removal Resolution               :  Nearest Common Node
  Enable Input Delay Default Clock           :  No
  Enable Preset / Clear Arcs                 :  No
  Disable Flight Delays                      :  No
  Ignore I/O Paths                           :  No
  Timing Early Launch at Borrowing Latches   :  No
  Borrow Time for Max Delay Exceptions       :  Yes
  Merge Timing Exceptions                    :  Yes
  Inter-SLR Compensation                     :  Conservative

  Corner  Analyze    Analyze    
  Name    Max Paths  Min Paths  
  ------  ---------  ---------  
  Slow    Yes        Yes        
  Fast    Yes        Yes        


------------------------------------------------------------------------------------------------
| Report Methodology
| ------------------
------------------------------------------------------------------------------------------------

No report available as report_methodology has not been run prior. Run report_methodology on the current design for the summary of methodology violations.



check_timing report

Table of Contents
-----------------
1. checking no_clock (0)
2. checking constant_clock (0)
3. checking pulse_width_clock (0)
4. checking unconstrained_internal_endpoints (0)
5. checking no_input_delay (88)
6. checking no_output_delay (101)
7. checking multiple_clock (0)
8. checking generated_clocks (0)
9. checking loops (0)
10. checking partial_input_delay (0)
11. checking partial_output_delay (0)
12. checking latch_loops (0)

1. checking no_clock (0)
------------------------
 There are 0 register/latch pins with no clock.


2. checking constant_clock (0)
------------------------------
 There are 0 register/latch pins with constant_clock.


3. checking pulse_width_clock (0)
---------------------------------
 There are 0 register/latch pins which need pulse_width check


4. checking unconstrained_internal_endpoints (0)
------------------------------------------------
 There are 0 pins that are not constrained for maximum delay.

 There are 0 pins that are not constrained for maximum delay due to constant clock.


5. checking no_input_delay (88)
-------------------------------
 There are 88 input ports with no input delay specified. (HIGH)

 There are 0 input ports with no input delay but user has a false path constraint.


6. checking no_output_delay (101)
---------------------------------
 There are 101 ports with no output delay specified. (HIGH)

 There are 0 ports with no output delay but user has a false path constraint

 There are 0 ports with no output delay but with a timing clock defined on it or propagating through it


7. checking multiple_clock (0)
------------------------------
 There are 0 register/latch pins with multiple clocks.


8. checking generated_clocks (0)
--------------------------------
 There are 0 generated clocks that are not connected to a clock source.


9. checking loops (0)
---------------------
 There are 0 combinational loops in the design.


10. checking partial_input_delay (0)
------------------------------------
 There are 0 input ports with partial input delay specified.


11. checking partial_output_delay (0)
-------------------------------------
 There are 0 ports with partial output delay specified.


12. checking latch_loops (0)
----------------------------
 There are 0 combinational latch loops in the design through latch input



------------------------------------------------------------------------------------------------
| Design Timing Summary
| ---------------------
------------------------------------------------------------------------------------------------

    WNS(ns)      TNS(ns)  TNS Failing Endpoints  TNS Total Endpoints      WHS(ns)      THS(ns)  THS Failing Endpoints  THS Total Endpoints     WPWS(ns)     TPWS(ns)  TPWS Failing Endpoints  TPWS Total Endpoints  
    -------      -------  ---------------------  -------------------      -------      -------  ---------------------  -------------------     --------     --------  ----------------------  --------------------  
      3.512        0.000                      0                22864        0.012        0.000                      0                22864        4.238        0.000                       0                  9215  


All user specified timing constraints are met.


------------------------------------------------------------------------------------------------
| Clock Summary
| -------------
------------------------------------------------------------------------------------------------

Clock  Waveform(ns)       Period(ns)      Frequency(MHz)
-----  ------------       ----------      --------------
clk    {0.000 5.000}      10.000          100.000         


------------------------------------------------------------------------------------------------
| Intra Clock Table
| -----------------
------------------------------------------------------------------------------------------------

Clock             WNS(ns)      TNS(ns)  TNS Failing Endpoints  TNS Total Endpoints      WHS(ns)      THS(ns)  THS Failing Endpoints  THS Total Endpoints     WPWS(ns)     TPWS(ns)  TPWS Failing Endpoints  TPWS Total Endpoints  
-----             -------      -------  ---------------------  -------------------      -------      -------  ---------------------  -------------------     --------     --------  ----------------------  --------------------  
clk                 3.512        0.000                      0                22864        0.012        0.000                      0                22864        4.238        0.000                       0                  9215  


------------------------------------------------------------------------------------------------
| Inter Clock Table
| -----------------
------------------------------------------------------------------------------------------------

From Clock    To Clock          WNS(ns)      TNS(ns)  TNS Failing Endpoints  TNS Total Endpoints      WHS(ns)      THS(ns)  THS Failing Endpoints  THS Total Endpoints  
----------    --------          -------      -------  ---------------------  -------------------      -------      -------  ---------------------  -------------------  


------------------------------------------------------------------------------------------------
| Other Path Groups Table
| -----------------------
------------------------------------------------------------------------------------------------

Path Group    From Clock    To Clock          WNS(ns)      TNS(ns)  TNS Failing Endpoints  TNS Total Endpoints      WHS(ns)      THS(ns)  THS Failing Endpoints  THS Total Endpoints  
----------    ----------    --------          -------      -------  ---------------------  -------------------      -------      -------  ---------------------  -------------------  


------------------------------------------------------------------------------------------------
| Timing Details
| --------------
------------------------------------------------------------------------------------------------


---------------------------------------------------------------------------------------------------
From Clock:  clk
  To Clock:  clk

Setup :            0  Failing Endpoints,  Worst Slack        3.512ns,  Total Violation        0.000ns
Hold  :            0  Failing Endpoints,  Worst Slack        0.012ns,  Total Violation        0.000ns
PW    :            0  Failing Endpoints,  Worst Slack        4.238ns,  Total Violation        0.000ns
---------------------------------------------------------------------------------------------------


Max Delay Paths
--------------------------------------------------------------------------------------
Slack (MET) :             3.512ns  (required time - arrival time)
  Source:                 gen_front[0].u_front/x_d1_reg[0]/C
                            (rising edge-triggered cell FDRE clocked by clk  {rise@0.000ns fall@5.000ns period=10.000ns})
  Destination:            gen_front[9].u_front/mix_q_reg[0]/D
                            (rising edge-triggered cell FDRE clocked by clk  {rise@0.000ns fall@5.000ns period=10.000ns})
  Path Group:             clk
  Path Type:              Setup (Max at Slow Process Corner)
  Requirement:            10.000ns  (clk rise@10.000ns - clk rise@0.000ns)
  Data Path Delay:        6.251ns  (logic 2.126ns (34.010%)  route 4.125ns (65.990%))
  Logic Levels:           6  (DSP_A_B_DATA=1 DSP_ALU=1 DSP_M_DATA=1 DSP_MULTIPLIER=1 DSP_OUTPUT=1 DSP_PREADD_DATA=1)
  Clock Path Skew:        -0.246ns (DCD - SCD + CPR)
    Destination Clock Delay (DCD):    1.289ns = ( 11.289 - 10.000 ) 
    Source Clock Delay      (SCD):    1.556ns
    Clock Pessimism Removal (CPR):    0.021ns
  Clock Uncertainty:      0.035ns  ((TSJ^2 + TIJ^2)^1/2 + DJ) / 2 + PE
    Total System Jitter     (TSJ):    0.071ns
    Total Input Jitter      (TIJ):    0.000ns
    Discrete Jitter          (DJ):    0.000ns
    Phase Error              (PE):    0.000ns

    Location             Delay type                Incr(ns)  Path(ns)    Netlist Resource(s)
  -------------------------------------------------------------------    -------------------
                         (clock clk rise edge)        0.000     0.000 r  <hidden>
                                                      0.000     0.000 r  clk
                         net (fo=9550, unset)         1.556     1.556    gen_front[0].u_front/clk
    SLICE_X29Y65         FDRE                                         r  gen_front[0].u_front/x_d1_reg[0]/C
  -------------------------------------------------------------------    -------------------
    SLICE_X29Y65         FDRE (Prop_HFF_SLICEM_C_Q)
                                                      0.114     1.670 f  gen_front[0].u_front/x_d1_reg[0]/Q
                         net (fo=22, routed)          2.979     4.649    gen_front[9].u_front/prod_q/A[0]
    DSP48E2_X5Y4         DSP_A_B_DATA (Prop_DSP_A_B_DATA_DSP48E2_A[0]_A2_DATA[0])
                                                      0.258     4.907 r  gen_front[9].u_front/prod_q/DSP_A_B_DATA_INST/A2_DATA[0]
                         net (fo=1, routed)           0.000     4.907    gen_front[9].u_front/prod_q/DSP_A_B_DATA.A2_DATA<0>
    DSP48E2_X5Y4         DSP_PREADD_DATA (Prop_DSP_PREADD_DATA_DSP48E2_A2_DATA[0]_A2A1[0])
                                                      0.114     5.021 r  gen_front[9].u_front/prod_q/DSP_PREADD_DATA_INST/A2A1[0]
                         net (fo=1, routed)           0.000     5.021    gen_front[9].u_front/prod_q/DSP_PREADD_DATA.A2A1<0>
    DSP48E2_X5Y4         DSP_MULTIPLIER (Prop_DSP_MULTIPLIER_DSP48E2_A2A1[0]_U[15])
                                                      0.700     5.721 f  gen_front[9].u_front/prod_q/DSP_MULTIPLIER_INST/U[15]
                         net (fo=1, routed)           0.000     5.721    gen_front[9].u_front/prod_q/DSP_MULTIPLIER.U<15>
    DSP48E2_X5Y4         DSP_M_DATA (Prop_DSP_M_DATA_DSP48E2_U[15]_U_DATA[15])
                                                      0.067     5.788 r  gen_front[9].u_front/prod_q/DSP_M_DATA_INST/U_DATA[15]
                         net (fo=1, routed)           0.000     5.788    gen_front[9].u_front/prod_q/DSP_M_DATA.U_DATA<15>
    DSP48E2_X5Y4         DSP_ALU (Prop_DSP_ALU_DSP48E2_U_DATA[15]_ALU_OUT[15])
                                                      0.727     6.515 f  gen_front[9].u_front/prod_q/DSP_ALU_INST/ALU_OUT[15]
                         net (fo=1, routed)           0.000     6.515    gen_front[9].u_front/prod_q/DSP_ALU.ALU_OUT<15>
    DSP48E2_X5Y4         DSP_OUTPUT (Prop_DSP_OUTPUT_DSP48E2_ALU_OUT[15]_P[15])
                                                      0.146     6.661 r  gen_front[9].u_front/prod_q/DSP_OUTPUT_INST/P[15]
                         net (fo=1, routed)           1.146     7.807    gen_front[9].u_front/prod_q__1[15]
    SLICE_X26Y13         FDRE                                         r  gen_front[9].u_front/mix_q_reg[0]/D
  -------------------------------------------------------------------    -------------------

                         (clock clk rise edge)       10.000    10.000 r  <hidden>
                                                      0.000    10.000 r  clk
                         net (fo=9550, unset)         1.289    11.289    gen_front[9].u_front/clk
    SLICE_X26Y13         FDRE                                         r  gen_front[9].u_front/mix_q_reg[0]/C
                         clock pessimism              0.021    11.310    <hidden>
                         clock uncertainty           -0.035    11.275    <hidden>
    SLICE_X26Y13         FDRE (Setup_EFF_SLICEL_C_D)
                                                      0.044    11.319    gen_front[9].u_front/mix_q_reg[0]
  -------------------------------------------------------------------
                         required time                         11.319    <hidden>
                         arrival time                          -7.807    <hidden>
  -------------------------------------------------------------------
                         slack                                  3.512    <hidden>





Min Delay Paths
--------------------------------------------------------------------------------------
Slack (MET) :             0.012ns  (arrival time - required time)
  Source:                 gen_front[0].u_front/u_int_i/integ_reg[2][31]/C
                            (rising edge-triggered cell FDRE clocked by clk  {rise@0.000ns fall@5.000ns period=10.000ns})
  Destination:            gen_front[0].u_front/u_int_i/integ_reg[2][32]/D
                            (rising edge-triggered cell FDRE clocked by clk  {rise@0.000ns fall@5.000ns period=10.000ns})
  Path Group:             clk
  Path Type:              Hold (Min at Slow Process Corner)
  Requirement:            0.000ns  (clk rise@0.000ns - clk rise@0.000ns)
  Data Path Delay:        0.338ns  (logic 0.257ns (75.967%)  route 0.081ns (24.033%))
  Logic Levels:           3  (CARRY8=2 LUT2=1)
  Clock Path Skew:        0.226ns (DCD - SCD - CPR)
    Destination Clock Delay (DCD):    1.565ns
    Source Clock Delay      (SCD):    1.318ns
    Clock Pessimism Removal (CPR):    0.021ns

    Location             Delay type                Incr(ns)  Path(ns)    Netlist Resource(s)
  -------------------------------------------------------------------    -------------------
                         (clock clk rise edge)        0.000     0.000 r  <hidden>
                                                      0.000     0.000 r  clk
                         net (fo=9550, unset)         1.318     1.318    gen_front[0].u_front/u_int_i/clk
    SLICE_X34Y59         FDRE                                         r  gen_front[0].u_front/u_int_i/integ_reg[2][31]/C
  -------------------------------------------------------------------    -------------------
    SLICE_X34Y59         FDRE (Prop_HFF_SLICEM_C_Q)
                                                      0.112     1.430 r  gen_front[0].u_front/u_int_i/integ_reg[2][31]/Q
                         net (fo=3, routed)           0.047     1.477    gen_front[0].u_front/u_int_i/integ_reg[2]_2[31]
    SLICE_X34Y59         LUT2 (Prop_H6LUT_SLICEM_I1_O)
                                                      0.035     1.512 r  gen_front[0].u_front/u_int_i/integ[2][24]_i_2/O
                         net (fo=1, routed)           0.018     1.530    gen_front[0].u_front/u_int_i/integ[2][24]_i_2_n_0
    SLICE_X34Y59         CARRY8 (Prop_CARRY8_SLICEM_S[7]_CO[7])
                                                      0.066     1.596 r  gen_front[0].u_front/u_int_i/integ_reg[2][24]_i_1/CO[7]
                         net (fo=1, routed)           0.005     1.601    gen_front[0].u_front/u_int_i/integ_reg[2][24]_i_1_n_0
    SLICE_X34Y60         CARRY8 (Prop_CARRY8_SLICEM_CI_O[0])
                                                      0.044     1.645 r  gen_front[0].u_front/u_int_i/integ_reg[2][32]_i_1/O[0]
                         net (fo=1, routed)           0.011     1.656    gen_front[0].u_front/u_int_i/integ_reg[2][32]_i_1_n_15
    SLICE_X34Y60         FDRE                                         r  gen_front[0].u_front/u_int_i/integ_reg[2][32]/D
  -------------------------------------------------------------------    -------------------

                         (clock clk rise edge)        0.000     0.000 r  <hidden>
                                                      0.000     0.000 r  clk
                         net (fo=9550, unset)         1.565     1.565    gen_front[0].u_front/u_int_i/clk
    SLICE_X34Y60         FDRE                                         r  gen_front[0].u_front/u_int_i/integ_reg[2][32]/C
                         clock pessimism             -0.021     1.544    <hidden>
    SLICE_X34Y60         FDRE (Hold_AFF_SLICEM_C_D)
                                                      0.101     1.645    gen_front[0].u_front/u_int_i/integ_reg[2][32]
  -------------------------------------------------------------------
                         required time                         -1.645    <hidden>
                         arrival time                           1.656    <hidden>
  -------------------------------------------------------------------
                         slack                                  0.012    <hidden>





Pulse Width Checks
--------------------------------------------------------------------------------------
Clock Name:         clk
Waveform(ns):       { 0.000 5.000 }
Period(ns):         10.000
Sources:            { clk }

Check Type        Corner  Lib Pin             Reference Pin  Required(ns)  Actual(ns)  Slack(ns)  Location      Pin
Min Period        n/a     RAMB18E2/CLKARDCLK  n/a            1.709         10.000      8.291      RAMB18_X0Y22  prod_i_i_1/CLKARDCLK
Low Pulse Width   Slow    RAMD32/CLK          n/a            0.762         5.000       4.238      SLICE_X31Y47  gen_bank[0].u_comb/cp_reg[0][0]_0_31_0_13/RAMA/CLK
High Pulse Width  Slow    RAMD32/CLK          n/a            0.762         5.000       4.238      SLICE_X31Y47  gen_bank[0].u_comb/cp_reg[0][0]_0_31_0_13/RAMA/CLK



